{"asctime": "2026-05-19 17:12:36,624", "levelname": "INFO", "name": "app.services.payment_service", "message": "Iniciando pago", "taskName": "Task-9", "empresa_id": "a0eebc99-9c0b-4ef8-bb6d-6bb9bd380a11", "monto": "64000", "tipo_tarjeta": "mastercard"}
{"asctime": "2026-05-19 17:12:36,624", "levelname": "INFO", "name": "app.services.payment_service", "message": "Empresa validada: Empresa Eventos", "taskName": "Task-9", "empresa_id": "a0eebc99-9c0b-4ef8-bb6d-6bb9bd380a11"}
{"asctime": "2026-05-19 17:12:37,439", "levelname": "INFO", "name": "app.services.payment_service", "message": "Transacci\u00f3n registrada", "taskName": "Task-9", "transaccion_id": "6ff1b234-473f-455c-8df7-746d24be65ee", "estado": "aprobado"}
{"asctime": "2026-05-19 17:18:24,612", "levelname": "INFO", "name": "app.services.payment_service", "message": "Iniciando pago", "taskName": "Task-5", "empresa_id": "a0eebc99-9c0b-4ef8-bb6d-6bb9bd380a11", "monto": "5622222", "tipo_tarjeta": "mastercard"}
{"asctime": "2026-05-19 17:18:24,616", "levelname": "INFO", "name": "app.services.payment_service", "message": "Empresa validada: Empresa Eventos", "taskName": "Task-5", "empresa_id": "a0eebc99-9c0b-4ef8-bb6d-6bb9bd380a11"}
{"asctime": "2026-05-19 17:18:27,139", "levelname": "WARNING", "name": "app.services.payment_service", "message": "Fallo t\u00e9cnico al verificar tarjeta: Error al comunicarse con el servicio mastercard: All connection attempts failed", "taskName": "Task-5", "empresa_id": "a0eebc99-9c0b-4ef8-bb6d-6bb9bd380a11"}
{"asctime": "2026-05-19 17:18:27,150", "levelname": "INFO", "name": "app.services.payment_service", "message": "Transacci\u00f3n registrada con estado=fallido, id=2e3854a4-accc-4416-b248-3788b3da7678", "taskName": "Task-5"}
{"asctime": "2026-05-19 17:20:01,885", "levelname": "INFO", "name": "app.services.payment_service", "message": "Iniciando pago", "taskName": "Task-10", "empresa_id": "a0eebc99-9c0b-4ef8-bb6d-6bb9bd380a11", "monto": "5622222", "tipo_tarjeta": "visa"}
{"asctime": "2026-05-19 17:20:01,888", "levelname": "INFO", "name": "app.services.payment_service", "message": "Empresa validada: Empresa Eventos", "taskName": "Task-10", "empresa_id": "a0eebc99-9c0b-4ef8-bb6d-6bb9bd380a11"}
{"asctime": "2026-05-19 17:20:02,584", "levelname": "INFO", "name": "app.services.payment_service", "message": "Transacci\u00f3n registrada", "taskName": "Task-10", "transaccion_id": "3824592e-f88e-4e0f-bed5-86985dbc4e20", "estado": "rechazado"}
{"asctime": "2026-05-19 17:20:40,140", "levelname": "INFO", "name": "app.services.report_service", "message": "Generando reporte de pendientes", "taskName": "Task-15", "empresa_id": "a0eebc99-9c0b-4ef8-bb6d-6bb9bd380a11", "fecha_inicio": "2025-01-01", "fecha_fin": "2026-12-31"}
{"asctime": "2026-05-19 17:20:40,146", "levelname": "INFO", "name": "app.services.report_service", "message": "Reporte generado", "taskName": "Task-15", "empresa_id": "a0eebc99-9c0b-4ef8-bb6d-6bb9bd380a11", "cantidad": 7, "total_pendiente": "5950222.00"}
{"asctime": "2026-05-19 17:22:20,742", "levelname": "INFO", "name": "app.services.liquidation_service", "message": "Iniciando liquidaci\u00f3n batch", "taskName": "Task-18", "empresa_id": "a0eebc99-9c0b-4ef8-bb6d-6bb9bd380a11"}
{"asctime": "2026-05-19 17:22:20,753", "levelname": "INFO", "name": "app.services.liquidation_service", "message": "Liquidaci\u00f3n batch completada", "taskName": "Task-18", "procesadas": 7, "empresa_id": "a0eebc99-9c0b-4ef8-bb6d-6bb9bd380a11"}
{"asctime": "2026-05-19 17:22:35,905", "levelname": "INFO", "name": "app.services.report_service", "message": "Generando reporte de pendientes", "taskName": "Task-21", "empresa_id": "a0eebc99-9c0b-4ef8-bb6d-6bb9bd380a11", "fecha_inicio": "2025-01-01", "fecha_fin": "2026-12-31"}
{"asctime": "2026-05-19 17:22:35,905", "levelname": "INFO", "name": "app.services.report_service", "message": "Reporte generado", "taskName": "Task-21", "empresa_id": "a0eebc99-9c0b-4ef8-bb6d-6bb9bd380a11", "cantidad": 0, "total_pendiente": "0"}
{"asctime": "2026-05-19 17:30:08,754", "levelname": "INFO", "name": "app.services.payment_service", "message": "Iniciando pago", "taskName": "Task-5", "empresa_id": "a0eebc99-9c0b-4ef8-bb6d-6bb9bd380a11", "monto": "5622222", "tipo_tarjeta": "nu"}
{"asctime": "2026-05-19 17:30:08,763", "levelname": "INFO", "name": "app.services.payment_service", "message": "Empresa validada: Empresa Eventos", "taskName": "Task-5", "empresa_id": "a0eebc99-9c0b-4ef8-bb6d-6bb9bd380a11"}
{"asctime": "2026-05-19 17:33:09,606", "levelname": "INFO", "name": "app.services.payment_service", "message": "Iniciando pago", "taskName": "Task-5", "empresa_id": "a0eebc99-9c0b-4ef8-bb6d-6bb9bd380a11", "monto": "5622222", "tipo_tarjeta": "nu"}
{"asctime": "2026-05-19 17:33:09,617", "levelname": "INFO", "name": "app.services.payment_service", "message": "Empresa validada: Empresa Eventos", "taskName": "Task-5", "empresa_id": "a0eebc99-9c0b-4ef8-bb6d-6bb9bd380a11"}
{"asctime": "2026-05-19 17:33:10,365", "levelname": "WARNING", "name": "app.services.payment_service", "message": "Fallo t\u00e9cnico al verificar tarjeta: El servicio nu devolvi\u00f3 una respuesta no v\u00e1lida: Expecting value: line 1 column 1 (char 0)", "taskName": "Task-5", "empresa_id": "a0eebc99-9c0b-4ef8-bb6d-6bb9bd380a11"}
{"asctime": "2026-05-19 17:33:13,555", "levelname": "INFO", "name": "app.services.payment_service", "message": "Iniciando pago", "taskName": "Task-9", "empresa_id": "a0eebc99-9c0b-4ef8-bb6d-6bb9bd380a11", "monto": "5622222", "tipo_tarjeta": "nu"}
{"asctime": "2026-05-19 17:33:13,555", "levelname": "INFO", "name": "app.services.payment_service", "message": "Empresa validada: Empresa Eventos", "taskName": "Task-9", "empresa_id": "a0eebc99-9c0b-4ef8-bb6d-6bb9bd380a11"}
{"asctime": "2026-05-19 17:33:14,328", "levelname": "WARNING", "name": "app.services.payment_service", "message": "Fallo t\u00e9cnico al verificar tarjeta: El servicio nu devolvi\u00f3 una respuesta no v\u00e1lida: Expecting value: line 1 column 1 (char 0)", "taskName": "Task-9", "empresa_id": "a0eebc99-9c0b-4ef8-bb6d-6bb9bd380a11"}
{"asctime": "2026-05-19 17:34:27,644", "levelname": "INFO", "name": "app.services.payment_service", "message": "Iniciando pago", "taskName": "Task-5", "empresa_id": "a0eebc99-9c0b-4ef8-bb6d-6bb9bd380a11", "monto": "50000", "tipo_tarjeta": "nu"}
{"asctime": "2026-05-19 17:34:27,651", "levelname": "INFO", "name": "app.services.payment_service", "message": "Empresa validada: Empresa Eventos", "taskName": "Task-5", "empresa_id": "a0eebc99-9c0b-4ef8-bb6d-6bb9bd380a11"}
{"asctime": "2026-05-19 17:34:28,395", "levelname": "WARNING", "name": "app.services.payment_service", "message": "Fallo t\u00e9cnico al verificar tarjeta: El servicio nu devolvi\u00f3 una respuesta no v\u00e1lida: Expecting value: line 1 column 1 (char 0)", "taskName": "Task-5", "empresa_id": "a0eebc99-9c0b-4ef8-bb6d-6bb9bd380a11"}
{"asctime": "2026-05-19 17:36:53,733", "levelname": "INFO", "name": "app.services.payment_service", "message": "Iniciando pago", "taskName": "Task-5", "empresa_id": "a0eebc99-9c0b-4ef8-bb6d-6bb9bd380a11", "monto": "50000", "tipo_tarjeta": "nu"}
{"asctime": "2026-05-19 17:36:53,745", "levelname": "INFO", "name": "app.services.payment_service", "message": "Empresa validada: Empresa Eventos", "taskName": "Task-5", "empresa_id": "a0eebc99-9c0b-4ef8-bb6d-6bb9bd380a11"}
{"asctime": "2026-05-19 17:36:54,502", "levelname": "WARNING", "name": "app.services.payment_service", "message": "Fallo t\u00e9cnico al verificar tarjeta: El servicio nu devolvi\u00f3 una respuesta no v\u00e1lida: Expecting value: line 1 column 1 (char 0)", "taskName": "Task-5", "empresa_id": "a0eebc99-9c0b-4ef8-bb6d-6bb9bd380a11"}
{"asctime": "2026-05-19 17:36:54,514", "levelname": "INFO", "name": "app.services.payment_service", "message": "Transacci\u00f3n registrada con estado=fallido, id=f776c98e-4f4f-43ed-a30f-5b88eef2f785", "taskName": "Task-5"}
